Logger initialized
[TRACE][main][BEGIN]
[TRACE][main][END]
